mode: set
ppo/main.go:6.14,8.2 0 0
ppo/internal/services/category_service_impl.go:13.79,15.2 1 0
ppo/internal/services/category_service_impl.go:17.77,18.21 1 0
ppo/internal/services/category_service_impl.go:18.21,20.3 1 0
ppo/internal/services/category_service_impl.go:21.2,21.40 1 0
ppo/internal/services/category_service_impl.go:24.77,25.21 1 0
ppo/internal/services/category_service_impl.go:25.21,27.3 1 0
ppo/internal/services/category_service_impl.go:28.2,28.40 1 0
ppo/internal/services/category_service_impl.go:31.58,33.2 1 0
ppo/internal/services/category_service_impl.go:35.81,37.2 1 0
ppo/internal/services/category_service_impl.go:39.76,41.2 1 0
ppo/internal/services/dataset_service_impl.go:21.18,27.2 1 0
ppo/internal/services/dataset_service_impl.go:29.102,30.20 1 0
ppo/internal/services/dataset_service_impl.go:30.20,32.3 1 0
ppo/internal/services/dataset_service_impl.go:34.2,34.32 1 0
ppo/internal/services/dataset_service_impl.go:34.32,36.3 1 0
ppo/internal/services/dataset_service_impl.go:38.2,38.54 1 0
ppo/internal/services/dataset_service_impl.go:38.54,40.3 1 0
ppo/internal/services/dataset_service_impl.go:42.2,49.58 2 0
ppo/internal/services/dataset_service_impl.go:49.58,51.3 1 0
ppo/internal/services/dataset_service_impl.go:53.2,53.21 1 0
ppo/internal/services/dataset_service_impl.go:53.21,56.57 2 0
ppo/internal/services/dataset_service_impl.go:56.57,58.4 1 0
ppo/internal/services/dataset_service_impl.go:61.2,61.12 1 0
ppo/internal/services/dataset_service_impl.go:64.137,65.20 1 0
ppo/internal/services/dataset_service_impl.go:65.20,67.3 1 0
ppo/internal/services/dataset_service_impl.go:69.2,69.54 1 0
ppo/internal/services/dataset_service_impl.go:69.54,71.3 1 0
ppo/internal/services/dataset_service_impl.go:73.2,80.57 2 0
ppo/internal/services/dataset_service_impl.go:80.57,82.3 1 0
ppo/internal/services/dataset_service_impl.go:84.2,84.21 1 0
ppo/internal/services/dataset_service_impl.go:84.21,86.57 2 0
ppo/internal/services/dataset_service_impl.go:86.57,88.4 1 0
ppo/internal/services/dataset_service_impl.go:91.2,91.12 1 0
ppo/internal/services/dataset_service_impl.go:94.74,96.2 1 0
ppo/internal/services/dataset_service_impl.go:98.76,100.38 2 0
ppo/internal/services/dataset_service_impl.go:100.38,102.3 1 0
ppo/internal/services/dataset_service_impl.go:103.2,104.26 2 0
ppo/internal/services/notification_service_impl.go:19.23,24.2 1 0
ppo/internal/services/notification_service_impl.go:26.88,28.16 2 0
ppo/internal/services/notification_service_impl.go:28.16,30.3 1 0
ppo/internal/services/notification_service_impl.go:32.2,32.37 1 0
ppo/internal/services/notification_service_impl.go:32.37,40.65 2 0
ppo/internal/services/notification_service_impl.go:40.65,42.4 1 0
ppo/internal/services/notification_service_impl.go:44.2,44.12 1 0
ppo/internal/services/notification_service_impl.go:47.90,49.2 1 0
ppo/internal/services/notification_service_impl.go:51.102,53.2 1 0
ppo/internal/services/notification_service_impl.go:55.70,57.16 2 0
ppo/internal/services/notification_service_impl.go:57.16,59.3 1 0
ppo/internal/services/notification_service_impl.go:60.2,60.25 1 0
ppo/internal/services/notification_service_impl.go:60.25,62.3 1 0
ppo/internal/services/notification_service_impl.go:63.2,64.48 2 0
ppo/internal/services/review_service_impl.go:14.79,18.2 1 0
ppo/internal/services/review_service_impl.go:20.69,21.19 1 0
ppo/internal/services/review_service_impl.go:21.19,23.3 1 0
ppo/internal/services/review_service_impl.go:24.2,24.44 1 0
ppo/internal/services/review_service_impl.go:24.44,26.3 1 0
ppo/internal/services/review_service_impl.go:28.2,28.36 1 0
ppo/internal/services/review_service_impl.go:31.69,32.19 1 0
ppo/internal/services/review_service_impl.go:32.19,34.3 1 0
ppo/internal/services/review_service_impl.go:35.2,35.36 1 0
ppo/internal/services/review_service_impl.go:38.54,40.2 1 0
ppo/internal/services/review_service_impl.go:42.75,44.2 1 0
ppo/internal/services/review_service_impl.go:46.90,48.2 1 0
ppo/internal/services/review_service_impl.go:50.84,52.2 1 0
ppo/internal/services/review_service_impl.go:54.80,56.16 2 0
ppo/internal/services/review_service_impl.go:56.16,58.3 1 0
ppo/internal/services/review_service_impl.go:59.2,59.23 1 0
ppo/internal/services/review_service_impl.go:59.23,61.3 1 0
ppo/internal/services/review_service_impl.go:63.2,64.28 2 0
ppo/internal/services/review_service_impl.go:64.28,66.3 1 0
ppo/internal/services/review_service_impl.go:67.2,68.21 2 0
ppo/internal/services/user_service_impl.go:17.71,21.2 1 0
ppo/internal/services/user_service_impl.go:23.59,24.17 1 0
ppo/internal/services/user_service_impl.go:24.17,26.3 1 0
ppo/internal/services/user_service_impl.go:28.2,29.16 2 0
ppo/internal/services/user_service_impl.go:29.16,31.3 1 0
ppo/internal/services/user_service_impl.go:32.2,32.25 1 0
ppo/internal/services/user_service_impl.go:32.25,34.3 1 0
ppo/internal/services/user_service_impl.go:36.2,37.16 2 0
ppo/internal/services/user_service_impl.go:37.16,39.3 1 0
ppo/internal/services/user_service_impl.go:40.2,42.36 2 0
ppo/internal/services/user_service_impl.go:42.36,44.3 1 0
ppo/internal/services/user_service_impl.go:46.2,46.32 1 0
ppo/internal/services/user_service_impl.go:49.84,51.16 2 0
ppo/internal/services/user_service_impl.go:51.16,53.3 1 0
ppo/internal/services/user_service_impl.go:54.2,54.17 1 0
ppo/internal/services/user_service_impl.go:54.17,56.3 1 0
ppo/internal/services/user_service_impl.go:58.2,58.94 1 0
ppo/internal/services/user_service_impl.go:58.94,60.3 1 0
ppo/internal/services/user_service_impl.go:61.2,61.18 1 0
ppo/internal/services/user_service_impl.go:64.61,65.17 1 0
ppo/internal/services/user_service_impl.go:65.17,67.3 1 0
ppo/internal/services/user_service_impl.go:68.2,68.32 1 0
ppo/internal/services/user_service_impl.go:71.50,73.2 1 0
ppo/internal/services/user_service_impl.go:75.69,77.2 1 0
